// Jest Snapshot v1, https://goo.gl/fbAQLP

exports[`<VolumeMatch /> should render snapshot as expected 1`] = `
<div>
  <form
    class="ant-form ant-form-horizontal"
  >
    <div
      class="ant-row ant-form-item volume-match"
    >
      <div
        class="ant-col ant-form-item-control"
      >
        <div
          class="ant-form-item-control-input"
        >
          <div
            class="ant-form-item-control-input-content"
          >
            <label
              class="ant-checkbox-wrapper"
            >
              <span
                class="ant-checkbox"
              >
                <input
                  class="ant-checkbox-input"
                  id="volumeMatch"
                  type="checkbox"
                  value=""
                />
                <span
                  class="ant-checkbox-inner"
                />
              </span>
              <span>
                Volume Match
              </span>
            </label>
          </div>
        </div>
      </div>
    </div>
  </form>
</div>
`;
