// Jest Snapshot v1, https://goo.gl/fbAQLP

exports[`<BrokersTabContainer/> renders snapshot as expected 1`] = `
<div>
  <div
    class="ant-tabs ant-tabs-top ant-tabs-editable ant-tabs-card ant-tabs-editable-card"
  >
    <div
      class="ant-tabs-nav"
      role="tablist"
    >
      <div
        class="ant-tabs-nav-wrap"
      >
        <div
          class="ant-tabs-nav-list"
          style="transform: translate(0px, 0px);"
        >
          <div
            class="ant-tabs-tab ant-tabs-tab-with-remove ant-tabs-tab-active"
          >
            <div
              aria-controls="rc-tabs-test-panel-8158,100114"
              aria-selected="true"
              class="ant-tabs-tab-btn"
              id="rc-tabs-test-tab-8158,100114"
              role="tab"
              tabindex="0"
            >
              belfast tpeur test broker 1
            </div>
            <button
              aria-label="remove"
              class="ant-tabs-tab-remove"
              tabindex="0"
              type="button"
            >
              <span
                aria-label="close"
                class="anticon anticon-close"
                role="img"
              >
                <svg
                  aria-hidden="true"
                  data-icon="close"
                  fill="currentColor"
                  focusable="false"
                  height="1em"
                  viewBox="64 64 896 896"
                  width="1em"
                >
                  <path
                    d="M563.8 512l262.5-312.9c4.4-5.2.7-13.1-6.1-13.1h-79.8c-4.7 0-9.2 2.1-12.3 5.7L511.6 449.8 295.1 191.7c-3-3.6-7.5-5.7-12.3-5.7H203c-6.8 0-10.5 7.9-6.1 13.1L459.4 512 196.9 824.9A7.95 7.95 0 00203 838h79.8c4.7 0 9.2-2.1 12.3-5.7l216.5-258.1 216.5 258.1c3 3.6 7.5 5.7 12.3 5.7h79.8c6.8 0 10.5-7.9 6.1-13.1L563.8 512z"
                  />
                </svg>
              </span>
            </button>
          </div>
          <div
            class="ant-tabs-tab ant-tabs-tab-with-remove"
          >
            <div
              aria-controls="rc-tabs-test-panel-8158,100115"
              aria-selected="false"
              class="ant-tabs-tab-btn"
              id="rc-tabs-test-tab-8158,100115"
              role="tab"
              tabindex="0"
            >
              belfast tpeur test broker 2
            </div>
            <button
              aria-label="remove"
              class="ant-tabs-tab-remove"
              tabindex="0"
              type="button"
            >
              <span
                aria-label="close"
                class="anticon anticon-close"
                role="img"
              >
                <svg
                  aria-hidden="true"
                  data-icon="close"
                  fill="currentColor"
                  focusable="false"
                  height="1em"
                  viewBox="64 64 896 896"
                  width="1em"
                >
                  <path
                    d="M563.8 512l262.5-312.9c4.4-5.2.7-13.1-6.1-13.1h-79.8c-4.7 0-9.2 2.1-12.3 5.7L511.6 449.8 295.1 191.7c-3-3.6-7.5-5.7-12.3-5.7H203c-6.8 0-10.5 7.9-6.1 13.1L459.4 512 196.9 824.9A7.95 7.95 0 00203 838h79.8c4.7 0 9.2-2.1 12.3-5.7l216.5-258.1 216.5 258.1c3 3.6 7.5 5.7 12.3 5.7h79.8c6.8 0 10.5-7.9 6.1-13.1L563.8 512z"
                  />
                </svg>
              </span>
            </button>
          </div>
          <div
            class="ant-tabs-ink-bar ant-tabs-ink-bar-animated"
          />
        </div>
      </div>
      <div
        class="ant-tabs-nav-operations ant-tabs-nav-operations-hidden"
      >
        <button
          aria-controls="rc-tabs-test-more-popup"
          aria-expanded="false"
          aria-haspopup="listbox"
          aria-hidden="true"
          class="ant-tabs-nav-more"
          id="rc-tabs-test-more"
          style="visibility: hidden; order: 1;"
          tabindex="-1"
          type="button"
        >
          <span
            aria-label="ellipsis"
            class="anticon anticon-ellipsis"
            role="img"
          >
            <svg
              aria-hidden="true"
              data-icon="ellipsis"
              fill="currentColor"
              focusable="false"
              height="1em"
              viewBox="64 64 896 896"
              width="1em"
            >
              <path
                d="M176 511a56 56 0 10112 0 56 56 0 10-112 0zm280 0a56 56 0 10112 0 56 56 0 10-112 0zm280 0a56 56 0 10112 0 56 56 0 10-112 0z"
              />
            </svg>
          </span>
        </button>
      </div>
    </div>
    <div
      class="ant-tabs-content-holder"
    >
      <div
        class="ant-tabs-content ant-tabs-content-top"
      >
        <div
          aria-hidden="false"
          aria-labelledby="rc-tabs-test-tab-8158,100114"
          class="ant-tabs-tabpane ant-tabs-tabpane-active"
          id="rc-tabs-test-panel-8158,100114"
          role="tabpanel"
          tabindex="0"
        >
          <div
            class="ant-btn-group favorites"
          >
            <div
              class="favorite-list"
            >
              <div
                class="favourite"
              >
                <span
                  aria-label="bank"
                  class="anticon anticon-bank"
                  role="img"
                >
                  <svg
                    aria-hidden="true"
                    data-icon="bank"
                    fill="currentColor"
                    focusable="false"
                    height="1em"
                    viewBox="64 64 896 896"
                    width="1em"
                  >
                    <path
                      d="M894 462c30.9 0 43.8-39.7 18.7-58L530.8 126.2a31.81 31.81 0 00-37.6 0L111.3 404c-25.1 18.2-12.2 58 18.8 58H192v374h-72c-4.4 0-8 3.6-8 8v52c0 4.4 3.6 8 8 8h784c4.4 0 8-3.6 8-8v-52c0-4.4-3.6-8-8-8h-72V462h62zM512 196.7l271.1 197.2H240.9L512 196.7zM264 462h117v374H264V462zm189 0h117v374H453V462zm307 374H642V462h118v374z"
                    />
                  </svg>
                </span>
                <div>
                  <div
                    style="display: inline-block; cursor: move; opacity: 1;"
                  >
                    <span
                      class="ant-tag firms-tag"
                    >
                      APBK.LON
                    </span>
                  </div>
                  <div
                    style="display: inline-block; cursor: move; opacity: 1;"
                  >
                    <span
                      class="ant-tag firms-tag"
                    >
                      APBK.NYK
                    </span>
                  </div>
                </div>
              </div>
            </div>
            <div
              class="favorite-list"
            >
              <div
                class="favourite"
              >
                <span
                  aria-label="user"
                  class="anticon anticon-user"
                  role="img"
                >
                  <svg
                    aria-hidden="true"
                    data-icon="user"
                    fill="currentColor"
                    focusable="false"
                    height="1em"
                    viewBox="64 64 896 896"
                    width="1em"
                  >
                    <path
                      d="M858.5 763.6a374 374 0 00-80.6-119.5 375.63 375.63 0 00-119.5-80.6c-.4-.2-.8-.3-1.2-.5C719.5 518 760 444.7 760 362c0-137-111-248-248-248S264 225 264 362c0 82.7 40.5 156 102.8 201.1-.4.2-.8.3-1.2.5-44.8 18.9-85 46-119.5 80.6a375.63 375.63 0 00-80.6 119.5A371.7 371.7 0 00136 901.8a8 8 0 008 8.2h60c4.4 0 7.9-3.5 8-7.8 2-77.2 33-149.5 87.8-204.3 56.7-56.7 132-87.9 212.2-87.9s155.5 31.2 212.2 87.9C779 752.7 810 825 812 902.2c.1 4.4 3.6 7.8 8 7.8h60a8 8 0 008-8.2c-1-47.8-10.9-94.3-29.5-138.2zM512 534c-45.9 0-89.1-17.9-121.6-50.4S340 407.9 340 362c0-45.9 17.9-89.1 50.4-121.6S466.1 190 512 190s89.1 17.9 121.6 50.4S684 316.1 684 362c0 45.9-17.9 89.1-50.4 121.6S557.9 534 512 534z"
                    />
                  </svg>
                </span>
                <div>
                  <div
                    style="display: inline-block; cursor: move; opacity: 1;"
                  >
                    <span
                      class="ant-tag ant-dropdown-trigger"
                      style="background-color: rgb(25, 155, 190); border-color: #199bbe;"
                    >
                      BILL CLINTON
                      <span
                        aria-label="close"
                        class="anticon anticon-close ant-tag-close-icon"
                        role="img"
                        tabindex="-1"
                      >
                        <svg
                          aria-hidden="true"
                          data-icon="close"
                          fill="currentColor"
                          focusable="false"
                          height="1em"
                          viewBox="64 64 896 896"
                          width="1em"
                        >
                          <path
                            d="M563.8 512l262.5-312.9c4.4-5.2.7-13.1-6.1-13.1h-79.8c-4.7 0-9.2 2.1-12.3 5.7L511.6 449.8 295.1 191.7c-3-3.6-7.5-5.7-12.3-5.7H203c-6.8 0-10.5 7.9-6.1 13.1L459.4 512 196.9 824.9A7.95 7.95 0 00203 838h79.8c4.7 0 9.2-2.1 12.3-5.7l216.5-258.1 216.5 258.1c3 3.6 7.5 5.7 12.3 5.7h79.8c6.8 0 10.5-7.9 6.1-13.1L563.8 512z"
                          />
                        </svg>
                      </span>
                    </span>
                  </div>
                  <div
                    style="display: inline-block; cursor: move; opacity: 1;"
                  >
                    <span
                      class="ant-tag"
                      style="background-color: rgb(0, 0, 0); border-color: #000000; opacity: 0.2; cursor: not-allowed;"
                    >
                      DWIGHT EISENHOWER
                      <span
                        aria-label="close"
                        class="anticon anticon-close ant-tag-close-icon"
                        role="img"
                        tabindex="-1"
                      >
                        <svg
                          aria-hidden="true"
                          data-icon="close"
                          fill="currentColor"
                          focusable="false"
                          height="1em"
                          viewBox="64 64 896 896"
                          width="1em"
                        >
                          <path
                            d="M563.8 512l262.5-312.9c4.4-5.2.7-13.1-6.1-13.1h-79.8c-4.7 0-9.2 2.1-12.3 5.7L511.6 449.8 295.1 191.7c-3-3.6-7.5-5.7-12.3-5.7H203c-6.8 0-10.5 7.9-6.1 13.1L459.4 512 196.9 824.9A7.95 7.95 0 00203 838h79.8c4.7 0 9.2-2.1 12.3-5.7l216.5-258.1 216.5 258.1c3 3.6 7.5 5.7 12.3 5.7h79.8c6.8 0 10.5-7.9 6.1-13.1L563.8 512z"
                          />
                        </svg>
                      </span>
                    </span>
                  </div>
                  <div
                    style="display: inline-block; cursor: move; opacity: 1;"
                  >
                    <span
                      class="ant-tag"
                      style="background-color: rgb(0, 0, 0); border-color: #000000; opacity: 0.2; cursor: not-allowed;"
                    >
                      RONALD REAGAN
                      <span
                        aria-label="close"
                        class="anticon anticon-close ant-tag-close-icon"
                        role="img"
                        tabindex="-1"
                      >
                        <svg
                          aria-hidden="true"
                          data-icon="close"
                          fill="currentColor"
                          focusable="false"
                          height="1em"
                          viewBox="64 64 896 896"
                          width="1em"
                        >
                          <path
                            d="M563.8 512l262.5-312.9c4.4-5.2.7-13.1-6.1-13.1h-79.8c-4.7 0-9.2 2.1-12.3 5.7L511.6 449.8 295.1 191.7c-3-3.6-7.5-5.7-12.3-5.7H203c-6.8 0-10.5 7.9-6.1 13.1L459.4 512 196.9 824.9A7.95 7.95 0 00203 838h79.8c4.7 0 9.2-2.1 12.3-5.7l216.5-258.1 216.5 258.1c3 3.6 7.5 5.7 12.3 5.7h79.8c6.8 0 10.5-7.9 6.1-13.1L563.8 512z"
                          />
                        </svg>
                      </span>
                    </span>
                  </div>
                </div>
              </div>
            </div>
            <div
              class="favorite-list"
            >
              <div
                class="favourite"
              >
                <span
                  aria-label="dollar"
                  class="anticon anticon-dollar"
                  role="img"
                >
                  <svg
                    aria-hidden="true"
                    data-icon="dollar"
                    fill="currentColor"
                    focusable="false"
                    height="1em"
                    viewBox="64 64 896 896"
                    width="1em"
                  >
                    <path
                      d="M512 64C264.6 64 64 264.6 64 512s200.6 448 448 448 448-200.6 448-448S759.4 64 512 64zm0 820c-205.4 0-372-166.6-372-372s166.6-372 372-372 372 166.6 372 372-166.6 372-372 372zm47.7-395.2l-25.4-5.9V348.6c38 5.2 61.5 29 65.5 58.2.5 4 3.9 6.9 7.9 6.9h44.9c4.7 0 8.4-4.1 8-8.8-6.1-62.3-57.4-102.3-125.9-109.2V263c0-4.4-3.6-8-8-8h-28.1c-4.4 0-8 3.6-8 8v33c-70.8 6.9-126.2 46-126.2 119 0 67.6 49.8 100.2 102.1 112.7l24.7 6.3v142.7c-44.2-5.9-69-29.5-74.1-61.3-.6-3.8-4-6.6-7.9-6.6H363c-4.7 0-8.4 4-8 8.7 4.5 55 46.2 105.6 135.2 112.1V761c0 4.4 3.6 8 8 8h28.4c4.4 0 8-3.6 8-8.1l-.2-31.7c78.3-6.9 134.3-48.8 134.3-124-.1-69.4-44.2-100.4-109-116.4zm-68.6-16.2c-5.6-1.6-10.3-3.1-15-5-33.8-12.2-49.5-31.9-49.5-57.3 0-36.3 27.5-57 64.5-61.7v124zM534.3 677V543.3c3.1.9 5.9 1.6 8.8 2.2 47.3 14.4 63.2 34.4 63.2 65.1 0 39.1-29.4 62.6-72 66.4z"
                    />
                  </svg>
                </span>
                <div>
                  <div
                    style="display: inline-block; cursor: move; opacity: 1;"
                  >
                    <span
                      class="ant-tag"
                      style="background-color: rgb(25, 155, 190); border-color: #199bbe;"
                    >
                      USDCNY
                      <span
                        aria-label="close"
                        class="anticon anticon-close ant-tag-close-icon"
                        role="img"
                        tabindex="-1"
                      >
                        <svg
                          aria-hidden="true"
                          data-icon="close"
                          fill="currentColor"
                          focusable="false"
                          height="1em"
                          viewBox="64 64 896 896"
                          width="1em"
                        >
                          <path
                            d="M563.8 512l262.5-312.9c4.4-5.2.7-13.1-6.1-13.1h-79.8c-4.7 0-9.2 2.1-12.3 5.7L511.6 449.8 295.1 191.7c-3-3.6-7.5-5.7-12.3-5.7H203c-6.8 0-10.5 7.9-6.1 13.1L459.4 512 196.9 824.9A7.95 7.95 0 00203 838h79.8c4.7 0 9.2-2.1 12.3-5.7l216.5-258.1 216.5 258.1c3 3.6 7.5 5.7 12.3 5.7h79.8c6.8 0 10.5-7.9 6.1-13.1L563.8 512z"
                          />
                        </svg>
                      </span>
                    </span>
                  </div>
                  <div
                    style="display: inline-block; cursor: move; opacity: 1;"
                  >
                    <span
                      class="ant-tag"
                      style="background-color: rgb(25, 155, 190); border-color: #199bbe;"
                    >
                      USDINR
                      <span
                        aria-label="close"
                        class="anticon anticon-close ant-tag-close-icon"
                        role="img"
                        tabindex="-1"
                      >
                        <svg
                          aria-hidden="true"
                          data-icon="close"
                          fill="currentColor"
                          focusable="false"
                          height="1em"
                          viewBox="64 64 896 896"
                          width="1em"
                        >
                          <path
                            d="M563.8 512l262.5-312.9c4.4-5.2.7-13.1-6.1-13.1h-79.8c-4.7 0-9.2 2.1-12.3 5.7L511.6 449.8 295.1 191.7c-3-3.6-7.5-5.7-12.3-5.7H203c-6.8 0-10.5 7.9-6.1 13.1L459.4 512 196.9 824.9A7.95 7.95 0 00203 838h79.8c4.7 0 9.2-2.1 12.3-5.7l216.5-258.1 216.5 258.1c3 3.6 7.5 5.7 12.3 5.7h79.8c6.8 0 10.5-7.9 6.1-13.1L563.8 512z"
                          />
                        </svg>
                      </span>
                    </span>
                  </div>
                  <div
                    style="display: inline-block; cursor: move; opacity: 1;"
                  >
                    <span
                      class="ant-tag"
                      style="background-color: rgb(25, 155, 190); border-color: #199bbe;"
                    >
                      USDCLP
                      <span
                        aria-label="close"
                        class="anticon anticon-close ant-tag-close-icon"
                        role="img"
                        tabindex="-1"
                      >
                        <svg
                          aria-hidden="true"
                          data-icon="close"
                          fill="currentColor"
                          focusable="false"
                          height="1em"
                          viewBox="64 64 896 896"
                          width="1em"
                        >
                          <path
                            d="M563.8 512l262.5-312.9c4.4-5.2.7-13.1-6.1-13.1h-79.8c-4.7 0-9.2 2.1-12.3 5.7L511.6 449.8 295.1 191.7c-3-3.6-7.5-5.7-12.3-5.7H203c-6.8 0-10.5 7.9-6.1 13.1L459.4 512 196.9 824.9A7.95 7.95 0 00203 838h79.8c4.7 0 9.2-2.1 12.3-5.7l216.5-258.1 216.5 258.1c3 3.6 7.5 5.7 12.3 5.7h79.8c6.8 0 10.5-7.9 6.1-13.1L563.8 512z"
                          />
                        </svg>
                      </span>
                    </span>
                  </div>
                </div>
              </div>
            </div>
            <div
              class="favorite-list"
            >
              <div
                class="favourite"
              >
                <span
                  aria-label="calendar"
                  class="anticon anticon-calendar"
                  role="img"
                >
                  <svg
                    aria-hidden="true"
                    data-icon="calendar"
                    fill="currentColor"
                    focusable="false"
                    height="1em"
                    viewBox="64 64 896 896"
                    width="1em"
                  >
                    <path
                      d="M880 184H712v-64c0-4.4-3.6-8-8-8h-56c-4.4 0-8 3.6-8 8v64H384v-64c0-4.4-3.6-8-8-8h-56c-4.4 0-8 3.6-8 8v64H144c-17.7 0-32 14.3-32 32v664c0 17.7 14.3 32 32 32h736c17.7 0 32-14.3 32-32V216c0-17.7-14.3-32-32-32zm-40 656H184V460h656v380zM184 392V256h128v48c0 4.4 3.6 8 8 8h56c4.4 0 8-3.6 8-8v-48h256v48c0 4.4 3.6 8 8 8h56c4.4 0 8-3.6 8-8v-48h128v136H184z"
                    />
                  </svg>
                </span>
                <div>
                  <div
                    style="display: inline-block; cursor: move; opacity: 1;"
                  >
                    <span
                      class="ant-tag"
                      style="background-color: rgb(25, 155, 190); border-color: #199bbe;"
                    >
                      1M
                      <span
                        aria-label="close"
                        class="anticon anticon-close ant-tag-close-icon"
                        role="img"
                        tabindex="-1"
                      >
                        <svg
                          aria-hidden="true"
                          data-icon="close"
                          fill="currentColor"
                          focusable="false"
                          height="1em"
                          viewBox="64 64 896 896"
                          width="1em"
                        >
                          <path
                            d="M563.8 512l262.5-312.9c4.4-5.2.7-13.1-6.1-13.1h-79.8c-4.7 0-9.2 2.1-12.3 5.7L511.6 449.8 295.1 191.7c-3-3.6-7.5-5.7-12.3-5.7H203c-6.8 0-10.5 7.9-6.1 13.1L459.4 512 196.9 824.9A7.95 7.95 0 00203 838h79.8c4.7 0 9.2-2.1 12.3-5.7l216.5-258.1 216.5 258.1c3 3.6 7.5 5.7 12.3 5.7h79.8c6.8 0 10.5-7.9 6.1-13.1L563.8 512z"
                          />
                        </svg>
                      </span>
                    </span>
                  </div>
                  <div
                    style="display: inline-block; cursor: move; opacity: 1;"
                  >
                    <span
                      class="ant-tag"
                      style="background-color: rgb(25, 155, 190); border-color: #199bbe;"
                    >
                      2M
                      <span
                        aria-label="close"
                        class="anticon anticon-close ant-tag-close-icon"
                        role="img"
                        tabindex="-1"
                      >
                        <svg
                          aria-hidden="true"
                          data-icon="close"
                          fill="currentColor"
                          focusable="false"
                          height="1em"
                          viewBox="64 64 896 896"
                          width="1em"
                        >
                          <path
                            d="M563.8 512l262.5-312.9c4.4-5.2.7-13.1-6.1-13.1h-79.8c-4.7 0-9.2 2.1-12.3 5.7L511.6 449.8 295.1 191.7c-3-3.6-7.5-5.7-12.3-5.7H203c-6.8 0-10.5 7.9-6.1 13.1L459.4 512 196.9 824.9A7.95 7.95 0 00203 838h79.8c4.7 0 9.2-2.1 12.3-5.7l216.5-258.1 216.5 258.1c3 3.6 7.5 5.7 12.3 5.7h79.8c6.8 0 10.5-7.9 6.1-13.1L563.8 512z"
                          />
                        </svg>
                      </span>
                    </span>
                  </div>
                  <div
                    style="display: inline-block; cursor: move; opacity: 1;"
                  >
                    <span
                      class="ant-tag"
                      style="background-color: rgb(25, 155, 190); border-color: #199bbe;"
                    >
                      3M
                      <span
                        aria-label="close"
                        class="anticon anticon-close ant-tag-close-icon"
                        role="img"
                        tabindex="-1"
                      >
                        <svg
                          aria-hidden="true"
                          data-icon="close"
                          fill="currentColor"
                          focusable="false"
                          height="1em"
                          viewBox="64 64 896 896"
                          width="1em"
                        >
                          <path
                            d="M563.8 512l262.5-312.9c4.4-5.2.7-13.1-6.1-13.1h-79.8c-4.7 0-9.2 2.1-12.3 5.7L511.6 449.8 295.1 191.7c-3-3.6-7.5-5.7-12.3-5.7H203c-6.8 0-10.5 7.9-6.1 13.1L459.4 512 196.9 824.9A7.95 7.95 0 00203 838h79.8c4.7 0 9.2-2.1 12.3-5.7l216.5-258.1 216.5 258.1c3 3.6 7.5 5.7 12.3 5.7h79.8c6.8 0 10.5-7.9 6.1-13.1L563.8 512z"
                          />
                        </svg>
                      </span>
                    </span>
                  </div>
                  <div
                    style="display: inline-block; cursor: move; opacity: 1;"
                  >
                    <span
                      class="ant-tag"
                      style="background-color: rgb(25, 155, 190); border-color: #199bbe;"
                    >
                      05/28/2020
                      <span
                        aria-label="close"
                        class="anticon anticon-close ant-tag-close-icon"
                        role="img"
                        tabindex="-1"
                      >
                        <svg
                          aria-hidden="true"
                          data-icon="close"
                          fill="currentColor"
                          focusable="false"
                          height="1em"
                          viewBox="64 64 896 896"
                          width="1em"
                        >
                          <path
                            d="M563.8 512l262.5-312.9c4.4-5.2.7-13.1-6.1-13.1h-79.8c-4.7 0-9.2 2.1-12.3 5.7L511.6 449.8 295.1 191.7c-3-3.6-7.5-5.7-12.3-5.7H203c-6.8 0-10.5 7.9-6.1 13.1L459.4 512 196.9 824.9A7.95 7.95 0 00203 838h79.8c4.7 0 9.2-2.1 12.3-5.7l216.5-258.1 216.5 258.1c3 3.6 7.5 5.7 12.3 5.7h79.8c6.8 0 10.5-7.9 6.1-13.1L563.8 512z"
                          />
                        </svg>
                      </span>
                    </span>
                  </div>
                </div>
              </div>
            </div>
            <div
              class="favorite-list"
            >
              <div
                class="favourite"
              >
                <span
                  aria-label="book"
                  class="anticon anticon-book"
                  role="img"
                >
                  <svg
                    aria-hidden="true"
                    data-icon="book"
                    fill="currentColor"
                    focusable="false"
                    height="1em"
                    viewBox="64 64 896 896"
                    width="1em"
                  >
                    <path
                      d="M832 64H192c-17.7 0-32 14.3-32 32v832c0 17.7 14.3 32 32 32h640c17.7 0 32-14.3 32-32V96c0-17.7-14.3-32-32-32zm-260 72h96v209.9L621.5 312 572 347.4V136zm220 752H232V136h280v296.9c0 3.3 1 6.6 3 9.3a15.9 15.9 0 0022.3 3.7l83.8-59.9 81.4 59.4c2.7 2 6 3.1 9.4 3.1 8.8 0 16-7.2 16-16V136h64v752z"
                    />
                  </svg>
                </span>
                <div>
                  <div
                    style="display: inline-block; cursor: move; opacity: 1;"
                  >
                    <span
                      class="ant-tag"
                      style="background-color: rgb(255, 0, 0); border-color: #ff0000;"
                    >
                      TPSEF
                      <span
                        aria-label="close"
                        class="anticon anticon-close ant-tag-close-icon"
                        role="img"
                        tabindex="-1"
                      >
                        <svg
                          aria-hidden="true"
                          data-icon="close"
                          fill="currentColor"
                          focusable="false"
                          height="1em"
                          viewBox="64 64 896 896"
                          width="1em"
                        >
                          <path
                            d="M563.8 512l262.5-312.9c4.4-5.2.7-13.1-6.1-13.1h-79.8c-4.7 0-9.2 2.1-12.3 5.7L511.6 449.8 295.1 191.7c-3-3.6-7.5-5.7-12.3-5.7H203c-6.8 0-10.5 7.9-6.1 13.1L459.4 512 196.9 824.9A7.95 7.95 0 00203 838h79.8c4.7 0 9.2-2.1 12.3-5.7l216.5-258.1 216.5 258.1c3 3.6 7.5 5.7 12.3 5.7h79.8c6.8 0 10.5-7.9 6.1-13.1L563.8 512z"
                          />
                        </svg>
                      </span>
                    </span>
                  </div>
                  <div
                    style="display: inline-block; cursor: move; opacity: 1;"
                  >
                    <span
                      class="ant-tag"
                      style="background-color: rgb(24, 144, 255); border-color: #1890ff;"
                    >
                      XOFF
                      <span
                        aria-label="close"
                        class="anticon anticon-close ant-tag-close-icon"
                        role="img"
                        tabindex="-1"
                      >
                        <svg
                          aria-hidden="true"
                          data-icon="close"
                          fill="currentColor"
                          focusable="false"
                          height="1em"
                          viewBox="64 64 896 896"
                          width="1em"
                        >
                          <path
                            d="M563.8 512l262.5-312.9c4.4-5.2.7-13.1-6.1-13.1h-79.8c-4.7 0-9.2 2.1-12.3 5.7L511.6 449.8 295.1 191.7c-3-3.6-7.5-5.7-12.3-5.7H203c-6.8 0-10.5 7.9-6.1 13.1L459.4 512 196.9 824.9A7.95 7.95 0 00203 838h79.8c4.7 0 9.2-2.1 12.3-5.7l216.5-258.1 216.5 258.1c3 3.6 7.5 5.7 12.3 5.7h79.8c6.8 0 10.5-7.9 6.1-13.1L563.8 512z"
                          />
                        </svg>
                      </span>
                    </span>
                  </div>
                  <div
                    style="display: inline-block; cursor: move; opacity: 1;"
                  >
                    <span
                      class="ant-tag"
                      style="background-color: rgb(114, 46, 209); border-color: #722ed1;"
                    >
                      TIRD
                      <span
                        aria-label="close"
                        class="anticon anticon-close ant-tag-close-icon"
                        role="img"
                        tabindex="-1"
                      >
                        <svg
                          aria-hidden="true"
                          data-icon="close"
                          fill="currentColor"
                          focusable="false"
                          height="1em"
                          viewBox="64 64 896 896"
                          width="1em"
                        >
                          <path
                            d="M563.8 512l262.5-312.9c4.4-5.2.7-13.1-6.1-13.1h-79.8c-4.7 0-9.2 2.1-12.3 5.7L511.6 449.8 295.1 191.7c-3-3.6-7.5-5.7-12.3-5.7H203c-6.8 0-10.5 7.9-6.1 13.1L459.4 512 196.9 824.9A7.95 7.95 0 00203 838h79.8c4.7 0 9.2-2.1 12.3-5.7l216.5-258.1 216.5 258.1c3 3.6 7.5 5.7 12.3 5.7h79.8c6.8 0 10.5-7.9 6.1-13.1L563.8 512z"
                          />
                        </svg>
                      </span>
                    </span>
                  </div>
                </div>
              </div>
            </div>
          </div>
        </div>
        <div
          aria-hidden="true"
          aria-labelledby="rc-tabs-test-tab-8158,100115"
          class="ant-tabs-tabpane"
          id="rc-tabs-test-panel-8158,100115"
          role="tabpanel"
          style="display: none;"
          tabindex="-1"
        />
      </div>
    </div>
  </div>
</div>
`;
