// Jest Snapshot v1, https://goo.gl/fbAQLP

exports[`<FavouritesRenameModal/> renders snapshot as expected 1`] = `<div />`;
