// Jest Snapshot v1, https://goo.gl/fbAQLP

exports[`<Strategy /> It Renders  1`] = `
<div>
  <form
    class="ant-form ant-form-horizontal"
  >
    <div
      class="ant-row ant-form-item"
    >
      <div
        class="ant-col ant-form-item-control"
      >
        <div
          class="ant-form-item-control-input"
        >
          <div
            class="ant-form-item-control-input-content"
          >
            <div
              class="ant-radio-group ant-radio-group-outline"
              id="strategy"
            >
              <label
                class="ant-radio-wrapper"
              >
                <span
                  class="ant-radio"
                >
                  <input
                    class="ant-radio-input"
                    data-testid="rdoStrategyOutright"
                    type="radio"
                    value="Outright"
                  />
                  <span
                    class="ant-radio-inner"
                  />
                </span>
                <span>
                  Outright
                </span>
              </label>
              <label
                class="ant-radio-wrapper"
              >
                <span
                  class="ant-radio"
                >
                  <input
                    class="ant-radio-input"
                    data-testid="rdoStrategySpread"
                    type="radio"
                    value="Spread"
                  />
                  <span
                    class="ant-radio-inner"
                  />
                </span>
                <span>
                  Spread
                </span>
              </label>
            </div>
          </div>
        </div>
      </div>
    </div>
  </form>
</div>
`;
