// Jest Snapshot v1, https://goo.gl/fbAQLP

exports[`<ValueDateContainer/> renders snapshot as expected 1`] = `
<div>
  <form
    class="ant-form ant-form-horizontal"
  >
    <div
      class="ant-row ant-form-item item-value-date"
    >
      <div
        class="ant-col ant-form-item-label"
      >
        <label
          class="ant-form-item-required"
          for="valueDate1"
          title=""
        >
          Value Date
          <span
            aria-label="star"
            class="anticon anticon-star star-icon"
            data-testid="addPreference"
            role="img"
            tabindex="-1"
          >
            <svg
              aria-hidden="true"
              data-icon="star"
              fill="currentColor"
              focusable="false"
              height="1em"
              viewBox="64 64 896 896"
              width="1em"
            >
              <path
                d="M908.1 353.1l-253.9-36.9L540.7 86.1c-3.1-6.3-8.2-11.4-14.5-14.5-15.8-7.8-35-1.3-42.9 14.5L369.8 316.2l-253.9 36.9c-7 1-13.4 4.3-18.3 9.3a32.05 32.05 0 00.6 45.3l183.7 179.1-43.4 252.9a31.95 31.95 0 0046.4 33.7L512 754l227.1 119.4c6.2 3.3 13.4 4.4 20.3 3.2 17.4-3 29.1-19.5 26.1-36.9l-43.4-252.9 183.7-179.1c5-4.9 8.3-11.3 9.3-18.3 2.7-17.5-9.5-33.7-27-36.3z"
              />
            </svg>
          </span>
        </label>
      </div>
      <div
        class="ant-col ant-form-item-control"
      >
        <div
          class="ant-form-item-control-input"
        >
          <div
            class="ant-form-item-control-input-content"
          >
            <div
              class="ant-picker"
              style="width: 100%;"
            >
              <div
                class="ant-picker-input"
              >
                <input
                  autocomplete="off"
                  data-testid="dtpValueDate1"
                  id="valueDate1"
                  placeholder="Select date"
                  readonly=""
                  size="12"
                  tabindex="-1"
                  title="04/04/2020"
                  value="04/04/2020"
                />
              </div>
            </div>
          </div>
        </div>
      </div>
    </div>
  </form>
</div>
`;
