// Jest Snapshot v1, https://goo.gl/fbAQLP

exports[`<Settings /> renders snapshot as expected 1`] = `<div />`;
