// Jest Snapshot v1, https://goo.gl/fbAQLP

exports[`<SubmitModal /> renders snapshot as expected 1`] = `<div />`;

exports[`<SubmitModal /> renders snapshot as expected when isModalVisible is true 1`] = `<div />`;
